// Jest Snapshot v1, https://goo.gl/fbAQLP

exports[`tabs should match snapshot 1`] = `
<div
  class="MuiBox-root css-1gsv261"
>
  <div
    class="MuiTabs-root css-1ujnqem-MuiTabs-root"
  >
    <div
      class="MuiTabs-scrollableX MuiTabs-hideScrollbar css-agdkjh-MuiTabs-scrollbarSize"
      style="width: 99px; height: 99px; position: absolute; top: -9999px; overflow: scroll;"
    />
    <div
      class="MuiTabs-scroller MuiTabs-hideScrollbar MuiTabs-scrollableX css-69z67c-MuiTabs-scroller"
      style="margin-bottom: 0px;"
    >
      <div
        class="MuiTabs-flexContainer css-heg063-MuiTabs-flexContainer"
        role="tablist"
      >
        <button
          aria-controls="simple-tabpanel-1"
          aria-selected="true"
          class="MuiButtonBase-root MuiTab-root MuiTab-textColorPrimary Mui-selected css-1h9z7r5-MuiButtonBase-root-MuiTab-root"
          id="simple-tab-1"
          role="tab"
          tabindex="0"
          type="button"
        >
          1
          <span
            class="MuiTouchRipple-root css-8je8zh-MuiTouchRipple-root"
          />
        </button>
        <button
          aria-controls="simple-tabpanel-2"
          aria-selected="false"
          class="MuiButtonBase-root MuiTab-root MuiTab-textColorPrimary css-1h9z7r5-MuiButtonBase-root-MuiTab-root"
          id="simple-tab-2"
          role="tab"
          tabindex="-1"
          type="button"
        >
          2
          <span
            class="MuiTouchRipple-root css-8je8zh-MuiTouchRipple-root"
          />
        </button>
      </div>
      <span
        class="MuiTabs-indicator css-1aquho2-MuiTabs-indicator"
        style="left: 0px; width: 0px;"
      />
    </div>
  </div>
</div>
`;
